---
source: tests/render_layout.rs
expression: zoomed
---
 orchestration                                                                                      
┏orchestrator [Z]━━━━━━━━━━━━━━━━━━━━━━━━━━━━━━━━━━━━━━━━━━━━━━━━━━━━━━━━━━━━━━━━━━━━━━━━━━━━━━━━━━┓
┃                                                                                                  ┃
┃                                                                                                  ┃
┃                                                                                                  ┃
┃                                                                                                  ┃
┃                                                                                                  ┃
┃                                                                                                  ┃
┃                                                                                                  ┃
┃                                                                                                  ┃
┃                                                                                                  ┃
┃                                                                                                  ┃
┃                                                                                                  ┃
┃                                                                                                  ┃
┃                                                                                                  ┃
┃                                                                                                  ┃
┃                                                                                                  ┃
┃                                          Ctrl+D to type                                          ┃
┃                                                                                                  ┃
┃                                                                                                  ┃
┃                                                                                                  ┃
┃                                                                                                  ┃
┃                                                                                                  ┃
┃                                                                                                  ┃
┃                                                                                                  ┃
┃                                                                                                  ┃
┃                                                                                                  ┃
┗━━━━━━━━━━━━━━━━━━━━━━━━━━━━━━━━━━━━━━━━━━━━━━━━━━━━━━━━━━━━━━━━━━━━━━━━━━━━━━━━━━━━━━━━━━━━━━━━━━┛
 COMMAND  [Back to Pane Ctrl+D] [New Pane Ctrl+N] [Close Ctrl+W] [Toggle Layout Ctrl+T] [Help ?]    
[Quit Ctrl+C] [Filter /] [Rename r] [Generate g] [Scheduled Tasks s]
