---
source: tests/render_dashboard.rs
assertion_line: 235
expression: buffer_to_color_text(&buf)
---
[DarkGray/Reset]"┌" [Black/Reset]" No agent ·  " [DarkGray/Reset]"───────────── ● No agent ┐"
[DarkGray/Reset]"│Dir:  " [Reset/Reset]"—                               " [DarkGray/Reset]"│"
[DarkGray/Reset]"│" [Gray/Reset]"Launch an agent to get started" [DarkGray/Reset]"│"
[DarkGray/Reset]"│Last: " [Reset/Reset]"0s ago  " [DarkGray/Reset]"Tools: " [Reset/Reset]"0                " [DarkGray/Reset]"│"
[DarkGray/Reset]"│" [DarkGray/Reset]"│"
[DarkGray/Reset]"│" [DarkGray/Reset]"│"
[DarkGray/Reset]"│" [DarkGray/Reset]"│"
[DarkGray/Reset]"│" [DarkGray/Reset]"│"
[DarkGray/Reset]"│" [DarkGray/Reset]"│"
[DarkGray/Reset]"└──────────────────────────────────────┘"
