---
source: tests/render_dashboard.rs
assertion_line: 205
expression: buffer_to_color_text(&buf)
---





[Cyan/Rgb(255, 255, 255)]"┌ Generate .dot-agent-deck.toml ───────────────────────────┐"
[Cyan/Rgb(255, 255, 255)]"│" [Reset/Rgb(255, 255, 255)]"                                                          " [Cyan/Rgb(255, 255, 255)]"│"
[Cyan/Rgb(255, 255, 255)]"│" [Black/Rgb(255, 255, 255)]"  No workspace modes config found for this" [Reset/Rgb(255, 255, 255)]"                " [Cyan/Rgb(255, 255, 255)]"│"
[Cyan/Rgb(255, 255, 255)]"│" [Black/Rgb(255, 255, 255)]"  project. Want to instruct your agent to" [Reset/Rgb(255, 255, 255)]"                 " [Cyan/Rgb(255, 255, 255)]"│"
[Cyan/Rgb(255, 255, 255)]"│" [Black/Rgb(255, 255, 255)]"  analyze the project and create one?" [Reset/Rgb(255, 255, 255)]"                     " [Cyan/Rgb(255, 255, 255)]"│"
[Cyan/Rgb(255, 255, 255)]"│" [Reset/Rgb(255, 255, 255)]"                                                          " [Cyan/Rgb(255, 255, 255)]"│"
[Cyan/Rgb(255, 255, 255)]"│" [Green/Rgb(255, 255, 255)]"  > Yes    — generate config for this project" [Reset/Rgb(255, 255, 255)]"             " [Cyan/Rgb(255, 255, 255)]"│"
[Cyan/Rgb(255, 255, 255)]"│" [DarkGray/Rgb(255, 255, 255)]"    No     — skip for now" [Reset/Rgb(255, 255, 255)]"                                 " [Cyan/Rgb(255, 255, 255)]"│"
[Cyan/Rgb(255, 255, 255)]"│" [DarkGray/Rgb(255, 255, 255)]"    Never  — never ask for this directory" [Reset/Rgb(255, 255, 255)]"                 " [Cyan/Rgb(255, 255, 255)]"│"
[Cyan/Rgb(255, 255, 255)]"│" [Reset/Rgb(255, 255, 255)]"                                                          " [Cyan/Rgb(255, 255, 255)]"│"
[Cyan/Rgb(255, 255, 255)]"│" [DarkGray/Rgb(255, 255, 255)]"  Disable: dot-agent-deck config set auto_config_prompt fa" [Cyan/Rgb(255, 255, 255)]"│"
[Cyan/Rgb(255, 255, 255)]"│" [Reset/Rgb(255, 255, 255)]"                                                          " [Cyan/Rgb(255, 255, 255)]"│"
[Cyan/Rgb(255, 255, 255)]"│" [DarkGray/Rgb(255, 255, 255)]"  Up/Down: navigate  Enter: confirm  Esc: cancel" [Reset/Rgb(255, 255, 255)]"          " [Cyan/Rgb(255, 255, 255)]"│"
[Cyan/Rgb(255, 255, 255)]"└──────────────────────────────────────────────────────────┘"
