---
source: tests/render_keybindings.rs
expression: text
---
                                                                                                                        
                                                                                                                        
                                                                                                                        
                                                                                                                        
        ┌ Help ───────────────────────────────────────────────────────────────────────────────────────────────┐         
        │  Global (works from any pane)                       Mode Tab (in-tab navigation)                    │         
        │                                                                                                     │         
        │  Ctrl+d             Toggle command / pane           j / Down           Focus next pane              │         
        │  Ctrl+n             Create new pane                 k / Up             Focus previous pane          │         
        │  Alt+Shift+l        Toggle layout (stacked/tiled)   Enter           Enter PaneInput on selected     │         
        │  Ctrl+c             Quit                            Esc             Deselect side pane              │         
        │                                                     Mouse click     Focus pane                      │         
        │  Tab Navigation                                     Ctrl+click      Open hyperlink                  │         
        │                                                     Ctrl+d             Return to Normal mode        │         
        │  Tab / Right / l    Next tab                                                                        │         
        │  Shift+Tab / Left / h Prev tab                      New Agent Form                                  │         
        │  Ctrl+PgDn          Next tab                                                                        │         
        │  Ctrl+PgUp          Prev tab                        Tab             Switch field                    │         
        │                                                     ◀/▶             Cycle mode                      │         
        │  Dashboard (command mode)                           Enter           Next field / confirm            │         
        │                                                     Esc             Cancel                          │         
        │  j / Down           Select next card                                                                │         
        │  k / Up             Select previous card            Directory Picker                                │         
        │  1-9                Jump to pane N                                                                  │         
        │  Enter              Focus selected pane             j / Down        Select next                     │         
        │  Ctrl+w             Close selected pane (confirms)  k / Up          Select previous                 │         
        │  /                  Filter sessions                 l / Right / Enter   Enter directory             │         
        │  Esc                Clear filter                    h / Left / Bksp     Go up one level             │         
        │  r                  Rename session                  Space           Confirm current directory       │         
        │  g                  Generate .dot-agent-deck.toml   /               Filter (case-insensitive)       │         
        │  y / n              Approve / deny permission       Esc             Clear filter (twice = close)    │         
        │  s                  Scheduled Tasks manager         q               Cancel                          │         
        │  F1                 Toggle this help                                                                │         
        │                                                     Session                                         │         
        │                                                                                                     │         
        │                                                     Panes auto-saved continuously.                  │         
        │                                                     Restored automatically on launch.               │         
        │  [Close]                                                                                            │         
        │  Press ? or Esc to close                                                                            │         
        └─────────────────────────────────────────────────────────────────────────────────────────────────────┘
