---
source: tests/render_dashboard.rs
expression: wide
---
┌ 1 ClaudeCode · 项 目 目 录 …─ ● Thinking ┐
│Dir:  example-project                 │
│Prmt: move the stats into the border  │
│                                      │
│                                      │
│                                      │
│                                      │
└───────────────── Last: 1h  Tools: 14 ┘
