---
source: tests/render_dashboard.rs
assertion_line: 184
expression: buffer_to_color_text(&buf)
---







[Yellow/Rgb(255, 255, 255)]"┌ Quit ────────────────────────────────────────────────────────┐"
[Yellow/Rgb(255, 255, 255)]"│" [Reset/Rgb(255, 255, 255)]"                                                              " [Yellow/Rgb(255, 255, 255)]"│"
[Yellow/Rgb(255, 255, 255)]"│  Quit dot-agent-deck?" [Reset/Rgb(255, 255, 255)]"                                        " [Yellow/Rgb(255, 255, 255)]"│"
[Yellow/Rgb(255, 255, 255)]"│" [Reset/Rgb(255, 255, 255)]"                                                              " [Yellow/Rgb(255, 255, 255)]"│"
[Yellow/Rgb(255, 255, 255)]"│  > Detach  — leave agents running on the daemon" [Reset/Rgb(255, 255, 255)]"              " [Yellow/Rgb(255, 255, 255)]"│"
[Yellow/Rgb(255, 255, 255)]"│" [DarkGray/Rgb(255, 255, 255)]"    Stop    — shut down agents and daemon" [Reset/Rgb(255, 255, 255)]"                     " [Yellow/Rgb(255, 255, 255)]"│"
[Yellow/Rgb(255, 255, 255)]"│" [DarkGray/Rgb(255, 255, 255)]"    Cancel  — return to dashboard" [Reset/Rgb(255, 255, 255)]"                             " [Yellow/Rgb(255, 255, 255)]"│"
[Yellow/Rgb(255, 255, 255)]"│" [Reset/Rgb(255, 255, 255)]"                                                              " [Yellow/Rgb(255, 255, 255)]"│"
[Yellow/Rgb(255, 255, 255)]"│" [DarkGray/Rgb(255, 255, 255)]"  Up/Down: navigate  Enter: confirm  Esc: cancel" [Reset/Rgb(255, 255, 255)]"              " [Yellow/Rgb(255, 255, 255)]"│"
[Yellow/Rgb(255, 255, 255)]"└──────────────────────────────────────────────────────────────┘"
