---
source: tests/render_help_overlay.rs
assertion_line: 97
expression: buf
---
                                                                                                              
                                                                                                              
                                                                                                              
                                                                                                              
                                                                                                              
                                                                                                              
                                                                                                              
                                                                                                              
                                                                                                              
                                                                                                              
                                                                                                              
                                                                                                              
   ┌ help ───────────────────────────────────────────────────────────────────────────────────────────────┐    
   │  global (works from any pane)                       mouse                                           │    
   │                                                                                                     │    
   │  ctrl+d             toggle command / pane           mouse click     focus pane                      │    
   │  ctrl+n             create new agent                ctrl+click      open hyperlink                  │    
   │  ctrl+t             toggle layout (stacked/tiled)                                                   │    
   │  ctrl+c             quit                            new agent form                                  │    
   │                                                                                                     │    
   │  tab navigation                                     tab             switch field                    │    
   │                                                     ◀/▶             cycle mode                      │    
   │  tab / right / l    next tab                        enter           next field / confirm            │    
   │  shift+tab / left / h prev tab                      esc             cancel                          │    
   │  ctrl+pgdn          next tab                                                                        │    
   │  ctrl+pgup          prev tab                        directory picker                                │    
   │                                                                                                     │    
   │  dashboard (command mode)                           j / down        select next                     │    
   │                                                     k / up          select previous                 │    
   │  j / down           select next card                l / right / enter   enter directory             │    
   │  k / up             select previous card            h / left / bksp     go up one level             │    
   │  1-9                jump to card n                  space           confirm current directory       │    
   │  enter              focus selected pane             /               filter (case-insensitive)       │    
   │  ctrl+w             close selected agent (confirms) esc             clear filter (twice = close)    │    
   │  ctrl+l             toggle orch tab split ratio     q               cancel                          │    
   │  ctrl+z             zoom focused pane                                                               │    
   │  /                  filter agents                   session                                         │    
   │  esc                clear filter                                                                    │    
   │  r                  rename agent                    panes auto-saved continuously.                  │    
   │  g                  generate .dot-agent-deck.toml   restored automatically on launch.               │    
   │  y / n              approve / deny permission                                                       │    
   │  s                  schedules manager                                                               │    
   │  o                  open pull request                                                               │    
   │  pageup / pagedown  scroll focused pane                                                             │    
   │  ?                  toggle this help                                                                │    
   │  [close]                                                                                            │    
   │  press ? or esc to close                                                                            │    
   └─────────────────────────────────────────────────────────────────────────────────────────────────────┘
