---
source: tests/render_dashboard.rs
assertion_line: 1159
expression: buffer_to_text(&buffer)
---
┌ 1 ClaudeCode · example-alpha ───────────────────────────────────── ● Working ┐
│Dir:  alpha                                             Last: 0s ago  Tools: 3│
│Prmt: do the thing                                                            │
│                                                                              │
│                                                                              │
│                                                                              │
│                                                                              │
└──────────────────────────────────────────────────────────────────────────────┘
┌ ▸ 2 ClaudeCode · example-beta ──────────────────────────────────── ● Working ┐
│Dir:  beta                                              Last: 0s ago  Tools: 3│
│Prmt: do the thing                                                            │
│                                                                              │
│                                                                              │
│                                                                              │
│                                                                              │
└──────────────────────────────────────────────────────────────────────────────┘
┌ 3 ClaudeCode · example-gamma ───────────────────────────────────── ● Working ┐
│Dir:  gamma                                             Last: 0s ago  Tools: 3│
│Prmt: do the thing                                                            │
│                                                                              │
│                                                                              │
│                                                                              │
│                                                                              │
└──────────────────────────────────────────────────────────────────────────────┘
