---
source: tests/render_dashboard.rs
assertion_line: 184
expression: buffer_to_color_text(&buf)
---







[Yellow/Rgb(0, 0, 0)]"┌ Quit ────────────────────────────────────────────────────────┐"
[Yellow/Rgb(0, 0, 0)]"│" [Reset/Rgb(0, 0, 0)]"                                                              " [Yellow/Rgb(0, 0, 0)]"│"
[Yellow/Rgb(0, 0, 0)]"│  Quit dot-agent-deck?" [Reset/Rgb(0, 0, 0)]"                                        " [Yellow/Rgb(0, 0, 0)]"│"
[Yellow/Rgb(0, 0, 0)]"│" [Reset/Rgb(0, 0, 0)]"                                                              " [Yellow/Rgb(0, 0, 0)]"│"
[Yellow/Rgb(0, 0, 0)]"│  > Detach  — leave agents running on the daemon" [Reset/Rgb(0, 0, 0)]"              " [Yellow/Rgb(0, 0, 0)]"│"
[Yellow/Rgb(0, 0, 0)]"│" [Gray/Rgb(0, 0, 0)]"    Stop    — shut down agents and daemon" [Reset/Rgb(0, 0, 0)]"                     " [Yellow/Rgb(0, 0, 0)]"│"
[Yellow/Rgb(0, 0, 0)]"│" [Gray/Rgb(0, 0, 0)]"    Cancel  — return to dashboard" [Reset/Rgb(0, 0, 0)]"                             " [Yellow/Rgb(0, 0, 0)]"│"
[Yellow/Rgb(0, 0, 0)]"│" [Reset/Rgb(0, 0, 0)]"                                                              " [Yellow/Rgb(0, 0, 0)]"│"
[Yellow/Rgb(0, 0, 0)]"│" [Gray/Rgb(0, 0, 0)]"  Up/Down: navigate  Enter: confirm  Esc: cancel" [Reset/Rgb(0, 0, 0)]"              " [Yellow/Rgb(0, 0, 0)]"│"
[Yellow/Rgb(0, 0, 0)]"└──────────────────────────────────────────────────────────────┘"
