---
source: tests/render_dashboard.rs
expression: rendered
---
┌ 1 ClaudeCode · quota-worker ────────────────────────────────────── ● Blocked ┐
│Dir:  example-project                                                         │
│⚠ Credits depleted (no reset) — structured provider error: credits depleted   │
│Prmt: do the thing                                                            │
│                                                                              │
│                                                                              │
│                                                                              │
└────────────────────────────────────────────────────────── Last: 0s  Tools: 0 ┘
