---
source: tests/render_dashboard.rs
expression: buffer_to_text(&buffer)
---
┌ 1 example-coder ────────────────────────────────────────────────── ● Working ┐
│Dir:  example-project                                   Last: 0s ago  Tools: 7│
│Prmt: fix the login bug                                                       │
│                                                                              │
│                                                                              │
│                                                                              │
│                                                                              │
└──────────────────────────────────────────────────────────────────────────────┘
